// Jest Snapshot v1, https://goo.gl/fbAQLP

exports[`should render ConceptList 1`] = `
<div
  className="d-flex flex-column flex-fill"
>
  <div
    className="row fdk-list-header"
  >
    <div
      className="col-3 d-flex align-items-center"
    >
      <span
        className="header-item mr-1"
      >
        Anbefalt term
      </span>
      <Component
        field="anbefaltTerm.navn.nb"
        onSortField={[Function]}
        sortType="asc"
      />
    </div>
    <div
      className="col-3 d-flex align-items-center"
    >
      <span
        className="header-item mr-1"
      >
        Fagområde
      </span>
      <Component
        field="fagområde"
        onSortField={[Function]}
        sortType="asc"
      />
    </div>
    <div
      className="col-3 d-flex align-items-center"
    >
      <span
        className="header-item mr-1"
      >
        Gyldighet
      </span>
      <Component
        field="valid"
        onSortField={[Function]}
        sortType="asc"
      />
    </div>
    <div
      className="col-3 d-flex align-items-center"
    >
      <span
        className="header-item mr-1"
      >
        Status
      </span>
      <Component
        field="status"
        onSortField={[Function]}
        sortType="asc"
      />
    </div>
  </div>
  <Component
    col1="begrep med omfang"
    col2="Dokument"
    col3="Gyldig"
    key="083c8716-6006-428f-be3b-39bc01dcc58b-0"
    path="986105174/083c8716-6006-428f-be3b-39bc01dcc58b"
    status="utkast"
  />
</div>
`;
