// Jest Snapshot v1, https://goo.gl/fbAQLP

exports[`should render HelpText 1`] = `
<styled.div>
  <div>
    <styled.h3
      className="help-text mb-0"
    >
      Title
    </styled.h3>
  </div>
  <div>
    <p
      dangerouslySetInnerHTML={
        {
          "__html": "<p>Abstract</p>",
        }
      }
    />
    <styled.button
      onClick={[Function]}
      type="button"
    >
      <i
        className="fa mr-2 fa-angle-double-down"
      />
      Flere anbefalinger
    </styled.button>
  </div>
  <Styled(Collapse)
    isOpen={false}
  >
    <p
      dangerouslySetInnerHTML={
        {
          "__html": "<p>Description</p>",
        }
      }
    />
  </Styled(Collapse)>
</styled.div>
`;
