// Jest Snapshot v1, https://goo.gl/fbAQLP

exports[`should render ConceptList 1`] = `
<div
  className="d-flex flex-column flex-fill"
>
  <Memo(ConceptListHeader)
    onSortField={[Function]}
    sortDirection="asc"
    sortField=""
  />
  <ListItem
    col1="begrep med omfang"
    col2="Dokument"
    col3="Gyldig"
    key="083c8716-6006-428f-be3b-39bc01dcc58b-0"
    path="986105174/083c8716-6006-428f-be3b-39bc01dcc58b"
    status="utkast"
  />
</div>
`;
